
     Program DOS v.6.7MaX starts on 13Sep2024 at 22: 7:26 

     This program is part of the open-source Quantum ESPRESSO suite
     for quantum simulation of materials; please cite
         "P. Giannozzi et al., J. Phys.:Condens. Matter 21 395502 (2009);
         "P. Giannozzi et al., J. Phys.:Condens. Matter 29 465901 (2017);
          URL http://www.quantum-espresso.org", 
     in publications or presentations arising from this work. More details at
     http://www.quantum-espresso.org/quote

     Parallel version (MPI), running on     1 processors

     MPI processes distributed on     1 nodes

     Reading xml data from directory:

     ././cunipt.save/
     file Cu.upf: wavefunction(s)  4S 3D renormalized
     file Ni.upf: wavefunction(s)  3P 3D renormalized
     file Pt.upf: wavefunction(s)  6S 5D renormalized

     IMPORTANT: XC functional enforced from input :
     Exchange-correlation= PBE
                           (   1   4   3   4   0   0   0)
     Any further DFT definition will be discarded
     Please, verify this is what you really want


     G-vector sticks info
     --------------------
     sticks:   dense  smooth     PW     G-vecs:    dense   smooth      PW
     Sum         967     967    301                20179    20179    3383


     Check: negative core charge=   -0.000002

     Gaussian broadening (read from file): ngauss,degauss=   1    0.005000


     DOS          :      1.36s CPU      1.42s WALL


   This run was terminated on:  22: 7:28  13Sep2024            

=------------------------------------------------------------------------------=
   JOB DONE.
=------------------------------------------------------------------------------=
